============================= test session starts =============================
platform win32 -- Python 3.14.4, pytest-9.0.3, pluggy-1.6.0 -- D:\INTERN\CLI tool\gitkit\.venv\Scripts\python.exe
cachedir: .pytest_cache
rootdir: D:\INTERN\CLI tool\gitkit
configfile: pyproject.toml
plugins: cov-7.1.0
collecting ... collected 5 items

tests/test_commands.py::test_clean_branches_dry_run PASSED               [ 20%]
tests/test_commands.py::test_get_stats PASSED                            [ 40%]
tests/test_commands.py::test_clean_branches_happy_path PASSED            [ 60%]
tests/test_commands.py::test_clean_branches_happy_path ERROR             [ 60%]
tests/test_commands.py::test_clean_branches_edge_case PASSED             [ 80%]
tests/test_commands.py::test_clean_branches_edge_case ERROR              [ 80%]
tests/test_commands.py::test_clean_branches_error_case FAILED            [100%]

=================================== ERRORS ====================================
_____________ ERROR at teardown of test_clean_branches_happy_path _____________
C:\Users\USER\AppData\Local\Python\pythoncore-3.14-64\Lib\shutil.py:707: in _rmtree_unsafe
    os.rmdir(path)
E   PermissionError: [WinError 32] The process cannot access the file because it is being used by another process: 'C:\\Users\\USER\\AppData\\Local\\Temp\\tmpn1r1pcp8'

During handling of the above exception, another exception occurred:
C:\Users\USER\AppData\Local\Python\pythoncore-3.14-64\Lib\tempfile.py:930: in onexc
    _os.unlink(path)
E   PermissionError: [WinError 5] Access is denied: 'C:\\Users\\USER\\AppData\\Local\\Temp\\tmpn1r1pcp8'

During handling of the above exception, another exception occurred:
D:\INTERN\CLI tool\gitkit\tests\test_commands.py:36: in git_repo
    with tempfile.TemporaryDirectory() as tmpdir:
         ^^^^^^^^^^^^^^^^^^^^^^^^^^^^^
C:\Users\USER\AppData\Local\Python\pythoncore-3.14-64\Lib\tempfile.py:971: in __exit__
    self.cleanup()
C:\Users\USER\AppData\Local\Python\pythoncore-3.14-64\Lib\tempfile.py:975: in cleanup
    self._rmtree(self.name, ignore_errors=self._ignore_cleanup_errors)
C:\Users\USER\AppData\Local\Python\pythoncore-3.14-64\Lib\tempfile.py:955: in _rmtree
    _shutil.rmtree(name, onexc=onexc)
C:\Users\USER\AppData\Local\Python\pythoncore-3.14-64\Lib\shutil.py:852: in rmtree
    _rmtree_impl(path, dir_fd, onexc)
C:\Users\USER\AppData\Local\Python\pythoncore-3.14-64\Lib\shutil.py:711: in _rmtree_unsafe
    onexc(os.rmdir, path, err)
C:\Users\USER\AppData\Local\Python\pythoncore-3.14-64\Lib\tempfile.py:945: in onexc
    cls._rmtree(path, ignore_errors=ignore_errors,
C:\Users\USER\AppData\Local\Python\pythoncore-3.14-64\Lib\tempfile.py:955: in _rmtree
    _shutil.rmtree(name, onexc=onexc)
C:\Users\USER\AppData\Local\Python\pythoncore-3.14-64\Lib\shutil.py:852: in rmtree
    _rmtree_impl(path, dir_fd, onexc)
C:\Users\USER\AppData\Local\Python\pythoncore-3.14-64\Lib\shutil.py:711: in _rmtree_unsafe
    onexc(os.rmdir, path, err)
C:\Users\USER\AppData\Local\Python\pythoncore-3.14-64\Lib\shutil.py:707: in _rmtree_unsafe
    os.rmdir(path)
E   PermissionError: [WinError 32] The process cannot access the file because it is being used by another process: 'C:\\Users\\USER\\AppData\\Local\\Temp\\tmpn1r1pcp8'
_____________ ERROR at teardown of test_clean_branches_edge_case ______________
C:\Users\USER\AppData\Local\Python\pythoncore-3.14-64\Lib\shutil.py:707: in _rmtree_unsafe
    os.rmdir(path)
E   PermissionError: [WinError 32] The process cannot access the file because it is being used by another process: 'C:\\Users\\USER\\AppData\\Local\\Temp\\tmpibsj33_3'

During handling of the above exception, another exception occurred:
C:\Users\USER\AppData\Local\Python\pythoncore-3.14-64\Lib\tempfile.py:930: in onexc
    _os.unlink(path)
E   PermissionError: [WinError 5] Access is denied: 'C:\\Users\\USER\\AppData\\Local\\Temp\\tmpibsj33_3'

During handling of the above exception, another exception occurred:
D:\INTERN\CLI tool\gitkit\tests\test_commands.py:36: in git_repo
    with tempfile.TemporaryDirectory() as tmpdir:
         ^^^^^^^^^^^^^^^^^^^^^^^^^^^^^
C:\Users\USER\AppData\Local\Python\pythoncore-3.14-64\Lib\tempfile.py:971: in __exit__
    self.cleanup()
C:\Users\USER\AppData\Local\Python\pythoncore-3.14-64\Lib\tempfile.py:975: in cleanup
    self._rmtree(self.name, ignore_errors=self._ignore_cleanup_errors)
C:\Users\USER\AppData\Local\Python\pythoncore-3.14-64\Lib\tempfile.py:955: in _rmtree
    _shutil.rmtree(name, onexc=onexc)
C:\Users\USER\AppData\Local\Python\pythoncore-3.14-64\Lib\shutil.py:852: in rmtree
    _rmtree_impl(path, dir_fd, onexc)
C:\Users\USER\AppData\Local\Python\pythoncore-3.14-64\Lib\shutil.py:711: in _rmtree_unsafe
    onexc(os.rmdir, path, err)
C:\Users\USER\AppData\Local\Python\pythoncore-3.14-64\Lib\tempfile.py:945: in onexc
    cls._rmtree(path, ignore_errors=ignore_errors,
C:\Users\USER\AppData\Local\Python\pythoncore-3.14-64\Lib\tempfile.py:955: in _rmtree
    _shutil.rmtree(name, onexc=onexc)
C:\Users\USER\AppData\Local\Python\pythoncore-3.14-64\Lib\shutil.py:852: in rmtree
    _rmtree_impl(path, dir_fd, onexc)
C:\Users\USER\AppData\Local\Python\pythoncore-3.14-64\Lib\shutil.py:711: in _rmtree_unsafe
    onexc(os.rmdir, path, err)
C:\Users\USER\AppData\Local\Python\pythoncore-3.14-64\Lib\shutil.py:707: in _rmtree_unsafe
    os.rmdir(path)
E   PermissionError: [WinError 32] The process cannot access the file because it is being used by another process: 'C:\\Users\\USER\\AppData\\Local\\Temp\\tmpibsj33_3'
================================== FAILURES ===================================
_______________________ test_clean_branches_error_case ________________________
C:\Users\USER\AppData\Local\Python\pythoncore-3.14-64\Lib\shutil.py:707: in _rmtree_unsafe
    os.rmdir(path)
E   PermissionError: [WinError 32] The process cannot access the file because it is being used by another process: 'C:\\Users\\USER\\AppData\\Local\\Temp\\tmp1dwy1xem'

During handling of the above exception, another exception occurred:
C:\Users\USER\AppData\Local\Python\pythoncore-3.14-64\Lib\tempfile.py:930: in onexc
    _os.unlink(path)
E   PermissionError: [WinError 5] Access is denied: 'C:\\Users\\USER\\AppData\\Local\\Temp\\tmp1dwy1xem'

During handling of the above exception, another exception occurred:
D:\INTERN\CLI tool\gitkit\tests\test_commands.py:89: in test_clean_branches_error_case
    with tempfile.TemporaryDirectory() as tmpdir:
         ^^^^^^^^^^^^^^^^^^^^^^^^^^^^^
C:\Users\USER\AppData\Local\Python\pythoncore-3.14-64\Lib\tempfile.py:971: in __exit__
    self.cleanup()
C:\Users\USER\AppData\Local\Python\pythoncore-3.14-64\Lib\tempfile.py:975: in cleanup
    self._rmtree(self.name, ignore_errors=self._ignore_cleanup_errors)
C:\Users\USER\AppData\Local\Python\pythoncore-3.14-64\Lib\tempfile.py:955: in _rmtree
    _shutil.rmtree(name, onexc=onexc)
C:\Users\USER\AppData\Local\Python\pythoncore-3.14-64\Lib\shutil.py:852: in rmtree
    _rmtree_impl(path, dir_fd, onexc)
C:\Users\USER\AppData\Local\Python\pythoncore-3.14-64\Lib\shutil.py:711: in _rmtree_unsafe
    onexc(os.rmdir, path, err)
C:\Users\USER\AppData\Local\Python\pythoncore-3.14-64\Lib\tempfile.py:945: in onexc
    cls._rmtree(path, ignore_errors=ignore_errors,
C:\Users\USER\AppData\Local\Python\pythoncore-3.14-64\Lib\tempfile.py:955: in _rmtree
    _shutil.rmtree(name, onexc=onexc)
C:\Users\USER\AppData\Local\Python\pythoncore-3.14-64\Lib\shutil.py:852: in rmtree
    _rmtree_impl(path, dir_fd, onexc)
C:\Users\USER\AppData\Local\Python\pythoncore-3.14-64\Lib\shutil.py:711: in _rmtree_unsafe
    onexc(os.rmdir, path, err)
C:\Users\USER\AppData\Local\Python\pythoncore-3.14-64\Lib\shutil.py:707: in _rmtree_unsafe
    os.rmdir(path)
E   PermissionError: [WinError 32] The process cannot access the file because it is being used by another process: 'C:\\Users\\USER\\AppData\\Local\\Temp\\tmp1dwy1xem'
=============================== tests coverage ================================
_______________ coverage: platform win32, python 3.14.4-final-0 _______________

Name                     Stmts   Miss  Cover   Missing
------------------------------------------------------
src\gitkit\__init__.py       2      0   100%
src\gitkit\cli.py           51     17    67%   19, 37, 52-66, 72-74, 78
src\gitkit\commands.py      38     13    66%   13-20, 42, 50-55, 62, 67
------------------------------------------------------
TOTAL                       91     30    67%
Coverage HTML written to dir htmlcov
=========================== short test summary info ===========================
FAILED tests/test_commands.py::test_clean_branches_error_case - PermissionErr...
ERROR tests/test_commands.py::test_clean_branches_happy_path - PermissionErro...
ERROR tests/test_commands.py::test_clean_branches_edge_case - PermissionError...
==================== 1 failed, 4 passed, 2 errors in 2.69s ====================
